
> tcf-canada-prep@0.1.0 type-check
> tsc --noEmit

.next/types/app/api/admin/tests/[id]/questions/[questionId]/route.ts(244,7): error TS2344: Type '{ __tag__: "DELETE"; __param_position__: "second"; __param_type__: { params: { id: string; questionId: string; }; }; }' does not satisfy the constraint 'ParamCheck<RouteContext>'.
  The types of '__param_type__.params' are incompatible between these types.
    Type '{ id: string; questionId: string; }' is missing the following properties from type 'Promise<any>': then, catch, finally, [Symbol.toStringTag]
.next/types/app/api/admin/tests/[id]/questions/[questionId]/route.ts(283,7): error TS2344: Type '{ __tag__: "PATCH"; __param_position__: "second"; __param_type__: { params: { id: string; questionId: string; }; }; }' does not satisfy the constraint 'ParamCheck<RouteContext>'.
  The types of '__param_type__.params' are incompatible between these types.
    Type '{ id: string; questionId: string; }' is missing the following properties from type 'Promise<any>': then, catch, finally, [Symbol.toStringTag]
.next/types/app/api/admin/tests/[id]/questions/route.ts(49,7): error TS2344: Type '{ __tag__: "GET"; __param_position__: "second"; __param_type__: { params: { id: string; }; }; }' does not satisfy the constraint 'ParamCheck<RouteContext>'.
  The types of '__param_type__.params' are incompatible between these types.
    Type '{ id: string; }' is missing the following properties from type 'Promise<any>': then, catch, finally, [Symbol.toStringTag]
.next/types/app/api/admin/tests/[id]/questions/route.ts(166,7): error TS2344: Type '{ __tag__: "POST"; __param_position__: "second"; __param_type__: { params: { id: string; }; }; }' does not satisfy the constraint 'ParamCheck<RouteContext>'.
  The types of '__param_type__.params' are incompatible between these types.
    Type '{ id: string; }' is missing the following properties from type 'Promise<any>': then, catch, finally, [Symbol.toStringTag]
.next/types/validator.ts(351,31): error TS2344: Type 'typeof import("C:/C-MAIN/tcf_canada_main/src/app/api/admin/plans/[id]/route")' does not satisfy the constraint 'RouteHandlerConfig<"/api/admin/plans/[id]">'.
  Types of property 'PUT' are incompatible.
    Type '(request: Request, { params }: { params: { id: string; }; }) => Promise<NextResponse<{ plan: never; }> | NextResponse<{ error: any; }>>' is not assignable to type '(request: NextRequest, context: { params: Promise<{ id: string; }>; }) => void | Response | Promise<void | Response>'.
      Types of parameters '__1' and 'context' are incompatible.
        Type '{ params: Promise<{ id: string; }>; }' is not assignable to type '{ params: { id: string; }; }'.
          Types of property 'params' are incompatible.
            Property 'id' is missing in type 'Promise<{ id: string; }>' but required in type '{ id: string; }'.
.next/types/validator.ts(369,31): error TS2344: Type 'typeof import("C:/C-MAIN/tcf_canada_main/src/app/api/admin/resources/[id]/route")' does not satisfy the constraint 'RouteHandlerConfig<"/api/admin/resources/[id]">'.
  Types of property 'DELETE' are incompatible.
    Type '(request: Request, { params }: { params: { id: string; }; }) => Promise<NextResponse<{ success: boolean; }> | NextResponse<{ error: any; }>>' is not assignable to type '(request: NextRequest, context: { params: Promise<{ id: string; }>; }) => void | Response | Promise<void | Response>'.
      Types of parameters '__1' and 'context' are incompatible.
        Type '{ params: Promise<{ id: string; }>; }' is not assignable to type '{ params: { id: string; }; }'.
          Types of property 'params' are incompatible.
            Property 'id' is missing in type 'Promise<{ id: string; }>' but required in type '{ id: string; }'.
.next/types/validator.ts(387,31): error TS2344: Type 'typeof import("C:/C-MAIN/tcf_canada_main/src/app/api/admin/reviews/[id]/route")' does not satisfy the constraint 'RouteHandlerConfig<"/api/admin/reviews/[id]">'.
  Types of property 'GET' are incompatible.
    Type '(request: Request, { params }: { params: { id: string; }; }) => Promise<NextResponse<{ attempt: any; responses: any[]; }> | NextResponse<{ error: any; }>>' is not assignable to type '(request: NextRequest, context: { params: Promise<{ id: string; }>; }) => void | Response | Promise<void | Response>'.
      Types of parameters '__1' and 'context' are incompatible.
        Type '{ params: Promise<{ id: string; }>; }' is not assignable to type '{ params: { id: string; }; }'.
          Types of property 'params' are incompatible.
            Property 'id' is missing in type 'Promise<{ id: string; }>' but required in type '{ id: string; }'.
.next/types/validator.ts(432,31): error TS2344: Type 'typeof import("C:/C-MAIN/tcf_canada_main/src/app/api/admin/tests/[id]/duplicate/route")' does not satisfy the constraint 'RouteHandlerConfig<"/api/admin/tests/[id]/duplicate">'.
  Types of property 'POST' are incompatible.
    Type '(request: Request, { params }: { params: { id: string; }; }) => Promise<NextResponse<{ success: boolean; testId: any; }> | NextResponse<{ error: any; }>>' is not assignable to type '(request: NextRequest, context: { params: Promise<{ id: string; }>; }) => void | Response | Promise<void | Response>'.
      Types of parameters '__1' and 'context' are incompatible.
        Type '{ params: Promise<{ id: string; }>; }' is not assignable to type '{ params: { id: string; }; }'.
          Types of property 'params' are incompatible.
            Property 'id' is missing in type 'Promise<{ id: string; }>' but required in type '{ id: string; }'.
.next/types/validator.ts(441,31): error TS2344: Type 'typeof import("C:/C-MAIN/tcf_canada_main/src/app/api/admin/tests/[id]/questions/[questionId]/route")' does not satisfy the constraint 'RouteHandlerConfig<"/api/admin/tests/[id]/questions/[questionId]">'.
  Types of property 'PATCH' are incompatible.
    Type '(request: Request, { params }: { params: { id: string; questionId: string; }; }) => Promise<NextResponse<{ question: any; }> | NextResponse<{ error: any; }>>' is not assignable to type '(request: NextRequest, context: { params: Promise<{ id: string; questionId: string; }>; }) => void | Response | Promise<void | Response>'.
      Types of parameters '__1' and 'context' are incompatible.
        Type '{ params: Promise<{ id: string; questionId: string; }>; }' is not assignable to type '{ params: { id: string; questionId: string; }; }'.
          Types of property 'params' are incompatible.
            Type 'Promise<{ id: string; questionId: string; }>' is missing the following properties from type '{ id: string; questionId: string; }': id, questionId
.next/types/validator.ts(450,31): error TS2344: Type 'typeof import("C:/C-MAIN/tcf_canada_main/src/app/api/admin/tests/[id]/questions/route")' does not satisfy the constraint 'RouteHandlerConfig<"/api/admin/tests/[id]/questions">'.
  Types of property 'GET' are incompatible.
    Type '(request: Request, { params }: { params: { id: string; }; }) => Promise<NextResponse<{ questions: any[]; }> | NextResponse<{ error: any; }>>' is not assignable to type '(request: NextRequest, context: { params: Promise<{ id: string; }>; }) => void | Response | Promise<void | Response>'.
      Types of parameters '__1' and 'context' are incompatible.
        Type '{ params: Promise<{ id: string; }>; }' is not assignable to type '{ params: { id: string; }; }'.
          Types of property 'params' are incompatible.
            Property 'id' is missing in type 'Promise<{ id: string; }>' but required in type '{ id: string; }'.
.next/types/validator.ts(459,31): error TS2344: Type 'typeof import("C:/C-MAIN/tcf_canada_main/src/app/api/admin/tests/[id]/route")' does not satisfy the constraint 'RouteHandlerConfig<"/api/admin/tests/[id]">'.
  Types of property 'GET' are incompatible.
    Type '(request: Request, { params }: { params: { id: string; }; }) => Promise<NextResponse<{ test: any; questions: any[]; resources: any[]; }> | NextResponse<{ error: any; }>>' is not assignable to type '(request: NextRequest, context: { params: Promise<{ id: string; }>; }) => void | Response | Promise<void | Response>'.
      Types of parameters '__1' and 'context' are incompatible.
        Type '{ params: Promise<{ id: string; }>; }' is not assignable to type '{ params: { id: string; }; }'.
          Types of property 'params' are incompatible.
            Property 'id' is missing in type 'Promise<{ id: string; }>' but required in type '{ id: string; }'.
.next/types/validator.ts(477,31): error TS2344: Type 'typeof import("C:/C-MAIN/tcf_canada_main/src/app/api/admin/users/[id]/route")' does not satisfy the constraint 'RouteHandlerConfig<"/api/admin/users/[id]">'.
  Types of property 'GET' are incompatible.
    Type '(request: Request, { params }: { params: { id: string; }; }) => Promise<NextResponse<{ user: { id: any; email: any; name: any; status: any; role: any; subscriptions: { id: any; plan_id: any; status: any; start_at: any; end_at: any; plan: { ...; }[]; sub_test_access: any[]; }[]; }; }> | NextResponse<...>>' is not assignable to type '(request: NextRequest, context: { params: Promise<{ id: string; }>; }) => void | Response | Promise<void | Response>'.
      Types of parameters '__1' and 'context' are incompatible.
        Type '{ params: Promise<{ id: string; }>; }' is not assignable to type '{ params: { id: string; }; }'.
          Types of property 'params' are incompatible.
            Property 'id' is missing in type 'Promise<{ id: string; }>' but required in type '{ id: string; }'.
src/actions/sendEmail.ts(23,7): error TS2322: Type 'string | undefined' is not assignable to type 'string | string[]'.
  Type 'undefined' is not assignable to type 'string | string[]'.
src/app/admin-content-management/components/AdminContentManagementInteractive.tsx(415,25): error TS2339: Property 'section' does not exist on type 'Section'.
src/app/admin-content-management/components/AdminContentManagementInteractive.tsx(859,51): error TS2345: Argument of type '{ isOpen: false; courseId: string; title: string; description: string; section: string; thumbnail_url: string; }' is not assignable to parameter of type 'SetStateAction<{ isOpen: boolean; courseId: string; title: string; description: string; section: string; thumbnail_url: string; required_subscription: string; }>'.
  Property 'required_subscription' is missing in type '{ isOpen: false; courseId: string; title: string; description: string; section: string; thumbnail_url: string; }' but required in type '{ isOpen: boolean; courseId: string; title: string; description: string; section: string; thumbnail_url: string; required_subscription: string; }'.
src/app/admin/user/[hash]/page.tsx(136,19): error TS2345: Argument of type '{ id: any; test_id: any; status: any; score_total: any; created_at: any; tests: { name: any; test_type: any; }[]; }[]' is not assignable to parameter of type 'SetStateAction<Attempt[]>'.
  Type '{ id: any; test_id: any; status: any; score_total: any; created_at: any; tests: { name: any; test_type: any; }[]; }[]' is not assignable to type 'Attempt[]'.
    Type '{ id: any; test_id: any; status: any; score_total: any; created_at: any; tests: { name: any; test_type: any; }[]; }' is not assignable to type 'Attempt'.
      Types of property 'tests' are incompatible.
        Type '{ name: any; test_type: any; }[]' is missing the following properties from type '{ name: string; test_type: string; }': name, test_type
src/app/api/admin/plans/[id]/route.ts(21,21): error TS2345: Argument of type 'any' is not assignable to parameter of type 'never'.
src/app/api/admin/plans/[id]/route.ts(79,33): error TS18047: 'adminSupabase' is possibly 'null'.
src/app/api/admin/plans/[id]/route.ts(86,19): error TS18047: 'adminSupabase' is possibly 'null'.
src/app/api/admin/plans/[id]/route.ts(86,54): error TS2345: Argument of type 'any' is not assignable to parameter of type 'never'.
src/app/api/admin/plans/[id]/route.ts(90,33): error TS18047: 'adminSupabase' is possibly 'null'.
src/app/api/admin/stats/route.ts(111,54): error TS2339: Property 'name' does not exist on type '{ name: any; email: any; }[]'.
src/app/api/admin/stats/route.ts(111,76): error TS2339: Property 'email' does not exist on type '{ name: any; email: any; }[]'.
src/app/api/admin/stats/route.ts(112,44): error TS2339: Property 'name' does not exist on type '{ name: any; }[]'.
src/app/api/attempt/start/route.ts(125,21): error TS2345: Argument of type '{ remaining_attempts: number; updated_at: string; }' is not assignable to parameter of type 'never'.
src/app/api/attempt/start/route.ts(140,14): error TS2769: No overload matches this call.
  Overload 1 of 2, '(values: never, options?: { count?: "exact" | "planned" | "estimated" | undefined; } | undefined): PostgrestFilterBuilder<{ PostgrestVersion: string; }, never, never, null, "attempts", never, "POST">', gave the following error.
    Argument of type '{ user_id: string; test_id: any; subscription_id: any; started_at: string; status: string; }' is not assignable to parameter of type 'never'.
  Overload 2 of 2, '(values: never[], options?: { count?: "exact" | "planned" | "estimated" | undefined; defaultToNull?: boolean | undefined; } | undefined): PostgrestFilterBuilder<{ PostgrestVersion: string; }, never, never, null, "attempts", never, "POST">', gave the following error.
    Object literal may only specify known properties, and 'user_id' does not exist in type 'never[]'.
src/app/api/attempt/start/route.ts(155,25): error TS2345: Argument of type 'any' is not assignable to parameter of type 'never'.
src/app/api/attempt/submit/route.ts(33,60): error TS18047: 'admin' is possibly 'null'.
src/app/api/attempt/submit/route.ts(44,21): error TS2339: Property 'status' does not exist on type 'never'.
src/app/api/attempt/submit/route.ts(52,43): error TS18047: 'admin' is possibly 'null'.
src/app/api/attempt/submit/route.ts(63,36): error TS2339: Property 'test_id' does not exist on type 'never'.
src/app/api/attempt/submit/route.ts(78,37): error TS2339: Property 'points' does not exist on type 'never'.
src/app/api/attempt/submit/route.ts(82,19): error TS18047: 'admin' is possibly 'null'.
src/app/api/attempt/submit/route.ts(82,41): error TS2769: No overload matches this call.
  Overload 1 of 2, '(values: never, options?: { onConflict?: string | undefined; ignoreDuplicates?: boolean | undefined; count?: "exact" | "planned" | "estimated" | undefined; } | undefined): PostgrestFilterBuilder<{ ...; }, ... 5 more ..., "POST">', gave the following error.
    Argument of type '{ attempt_id: any; question_id: any; option_id: any; text_answer: any; media_url: any; updated_at: string; }' is not assignable to parameter of type 'never'.
  Overload 2 of 2, '(values: never[], options?: { onConflict?: string | undefined; ignoreDuplicates?: boolean | undefined; count?: "exact" | "planned" | "estimated" | undefined; defaultToNull?: boolean | undefined; } | undefined): PostgrestFilterBuilder<...>', gave the following error.
    Object literal may only specify known properties, and 'attempt_id' does not exist in type 'never[]'.
src/app/api/attempt/submit/route.ts(94,26): error TS2339: Property 'q_type' does not exist on type 'never'.
src/app/api/attempt/submit/route.ts(95,49): error TS2339: Property 'options' does not exist on type 'never'.
src/app/api/attempt/submit/route.ts(99,33): error TS2339: Property 'q_type' does not exist on type 'never'.
src/app/api/attempt/submit/route.ts(99,66): error TS2339: Property 'q_type' does not exist on type 'never'.
src/app/api/attempt/submit/route.ts(108,66): error TS18047: 'admin' is possibly 'null'.
src/app/api/attempt/submit/route.ts(110,21): error TS2345: Argument of type '{ score: number; status: string; finished_at: string; updated_at: string; }' is not assignable to parameter of type 'never'.
src/app/api/attempt/submit/route.ts(126,15): error TS18047: 'admin' is possibly 'null'.
src/app/api/attempt/submit/route.ts(126,37): error TS2769: No overload matches this call.
  Overload 1 of 2, '(values: never, options?: { count?: "exact" | "planned" | "estimated" | undefined; } | undefined): PostgrestFilterBuilder<{ PostgrestVersion: string; }, never, never, null, "actions", never, "POST">', gave the following error.
    Argument of type '{ actor_type: string; actor_id: string; action_type: string; target_type: string; target_id: any; details: string; }' is not assignable to parameter of type 'never'.
  Overload 2 of 2, '(values: never[], options?: { count?: "exact" | "planned" | "estimated" | undefined; defaultToNull?: boolean | undefined; } | undefined): PostgrestFilterBuilder<{ PostgrestVersion: string; }, never, never, null, "actions", never, "POST">', gave the following error.
    Object literal may only specify known properties, and 'actor_type' does not exist in type 'never[]'.
src/app/api/auth/create-user/route.ts(26,39): error TS18047: 'supabase' is possibly 'null'.
src/app/api/auth/create-user/route.ts(28,14): error TS2769: No overload matches this call.
  Overload 1 of 2, '(values: never, options?: { count?: "exact" | "planned" | "estimated" | undefined; } | undefined): PostgrestFilterBuilder<{ PostgrestVersion: string; }, never, never, null, "users", never, "POST">', gave the following error.
    Argument of type '{ id: any; email: any; name: any; role: string; status: string; }[]' is not assignable to parameter of type 'never'.
  Overload 2 of 2, '(values: never[], options?: { count?: "exact" | "planned" | "estimated" | undefined; defaultToNull?: boolean | undefined; } | undefined): PostgrestFilterBuilder<{ PostgrestVersion: string; }, never, never, null, "users", never, "POST">', gave the following error.
    Type '{ id: any; email: any; name: any; role: string; status: string; }' is not assignable to type 'never'.
src/app/api/tests/[id]/autosave/route.ts(65,49): error TS2345: Argument of type 'any' is not assignable to parameter of type 'never'.
src/app/api/tests/[id]/autosave/route.ts(80,21): error TS2345: Argument of type 'any' is not assignable to parameter of type 'never'.
src/app/contact/page.tsx(229,15): error TS2322: Type '{ sections: { title: string; links: { label: string; href: string; }[]; }[]; socialLinks: { facebook: string; twitter: string; linkedin: string; instagram: string; }; }' is not assignable to type 'IntrinsicAttributes'.
  Property 'sections' does not exist on type 'IntrinsicAttributes'.
src/app/faq/page.tsx(141,15): error TS2322: Type '{ sections: { title: string; links: { label: string; href: string; }[]; }[]; socialLinks: { facebook: string; twitter: string; linkedin: string; instagram: string; }; }' is not assignable to type 'IntrinsicAttributes'.
  Property 'sections' does not exist on type 'IntrinsicAttributes'.
src/app/landing-page/components/BenefitsSection.tsx(54,15): error TS2322: Type '(el: HTMLDivElement | null) => HTMLDivElement' is not assignable to type 'Ref<HTMLDivElement> | undefined'.
  Type '(el: HTMLDivElement | null) => HTMLDivElement' is not assignable to type '(instance: HTMLDivElement | null) => void | (() => VoidOrUndefinedOnly)'.
    Type 'HTMLDivElement' is not assignable to type 'void | (() => VoidOrUndefinedOnly)'.
src/app/landing-page/components/HowItWorksSection.tsx(72,15): error TS2322: Type '(el: HTMLDivElement | null) => HTMLDivElement' is not assignable to type 'Ref<HTMLDivElement> | undefined'.
  Type '(el: HTMLDivElement | null) => HTMLDivElement' is not assignable to type '(instance: HTMLDivElement | null) => void | (() => VoidOrUndefinedOnly)'.
    Type 'HTMLDivElement' is not assignable to type 'void | (() => VoidOrUndefinedOnly)'.
src/app/landing-page/page.tsx(158,28): error TS2322: Type '{ steps: { id: number; title: string; text: string; }[]; }' is not assignable to type 'IntrinsicAttributes'.
  Property 'steps' does not exist on type 'IntrinsicAttributes'.
src/app/landing-page/page.tsx(170,17): error TS2322: Type '{ sections: { title: string; links: { label: string; href: string; }[]; }[]; socialLinks: { facebook: string; twitter: string; linkedin: string; instagram: string; }; }' is not assignable to type 'IntrinsicAttributes'.
  Property 'sections' does not exist on type 'IntrinsicAttributes'.
src/app/pricing-plans/components/PricingInteractive.tsx(285,28): error TS2719: Type 'ComparisonFeature[]' is not assignable to type 'ComparisonFeature[]'. Two different types with this name exist, but they are unrelated.
  Type 'ComparisonFeature' is not assignable to type 'ComparisonFeature'. Two different types with this name exist, but they are unrelated.
    Types of property 'features' are incompatible.
      Type '{ name: string; basic: string | boolean; premium: string | boolean; vip: string | boolean; }[]' is not assignable to type '{ name: string; bronze: string | boolean; silver: string | boolean; gold: string | boolean; }[]'.
        Type '{ name: string; basic: string | boolean; premium: string | boolean; vip: string | boolean; }' is missing the following properties from type '{ name: string; bronze: string | boolean; silver: string | boolean; gold: string | boolean; }': bronze, silver, gold
src/app/pricing-plans/components/PricingInteractive.tsx(349,9): error TS2322: Type '(provider: "stripe" | "paypal") => Promise<void>' is not assignable to type '(provider: PaymentProvider) => void'.
  Types of parameters 'provider' and 'provider' are incompatible.
    Type 'PaymentProvider' is not assignable to type '"stripe" | "paypal"'.
      Type '"Ria"' is not assignable to type '"stripe" | "paypal"'.
src/app/privacy-policy/page.tsx(129,15): error TS2322: Type '{ sections: { title: string; links: { label: string; href: string; }[]; }[]; socialLinks: { facebook: string; twitter: string; linkedin: string; instagram: string; }; }' is not assignable to type 'IntrinsicAttributes'.
  Property 'sections' does not exist on type 'IntrinsicAttributes'.
src/app/tcf-guide/page.tsx(187,15): error TS2322: Type '{ sections: { title: string; links: { label: string; href: string; }[]; }[]; socialLinks: { facebook: string; twitter: string; linkedin: string; instagram: string; }; }' is not assignable to type 'IntrinsicAttributes'.
  Property 'sections' does not exist on type 'IntrinsicAttributes'.
src/app/terms-of-service/page.tsx(138,15): error TS2322: Type '{ sections: { title: string; links: { label: string; href: string; }[]; }[]; socialLinks: { facebook: string; twitter: string; linkedin: string; instagram: string; }; }' is not assignable to type 'IntrinsicAttributes'.
  Property 'sections' does not exist on type 'IntrinsicAttributes'.
src/app/user-profile/page.tsx(48,32): error TS2339: Property 'phone' does not exist on type '{ id: string; email: string; name: string | null; role: UserRole; status: string | null; created_at: string | null; updated_at: string | null; }'.
src/app/user-profile/page.tsx(49,37): error TS2339: Property 'study_goal' does not exist on type '{ id: string; email: string; name: string | null; role: UserRole; status: string | null; created_at: string | null; updated_at: string | null; }'.
src/app/user-profile/page.tsx(50,39): error TS2339: Property 'target_score' does not exist on type '{ id: string; email: string; name: string | null; role: UserRole; status: string | null; created_at: string | null; updated_at: string | null; }'.
src/app/user-profile/page.tsx(90,41): error TS2339: Property 'phone' does not exist on type '{ id: string; email: string; name: string | null; role: UserRole; status: string | null; created_at: string | null; updated_at: string | null; }'.
src/components/common/AdminHeader.tsx(78,91): error TS2339: Property 'full_name' does not exist on type '{ id: string; email: string; name: string | null; role: UserRole; status: string | null; created_at: string | null; updated_at: string | null; }'.
src/components/common/AdminHeader.tsx(88,96): error TS2339: Property 'first_name' does not exist on type '{ id: string; email: string; name: string | null; role: UserRole; status: string | null; created_at: string | null; updated_at: string | null; }'.
src/components/common/AdminHeader.tsx(97,111): error TS2339: Property 'full_name' does not exist on type '{ id: string; email: string; name: string | null; role: UserRole; status: string | null; created_at: string | null; updated_at: string | null; }'.
src/lib/hooks.ts(1,41): error TS2307: Cannot find module '@/context/active-section-context' or its corresponding type declarations.
src/lib/hooks.ts(3,27): error TS2307: Cannot find module 'react-intersection-observer' or its corresponding type declarations.
src/lib/hooks.ts(4,34): error TS2307: Cannot find module './types' or its corresponding type declarations.
src/lib/supabase/admin.ts(32,9): error TS2322: Type 'SupabaseClient<any, "public", "public", any, any>' is not assignable to type 'SupabaseClient<unknown, { PostgrestVersion: string; }, never, never, { PostgrestVersion: string; }>'.
  Type '"public"' is not assignable to type 'never'.
